2023/03/27 17:30:54 runAndWait finished..
2023/03/27 17:30:54 result 10
2023/03/27 17:30:55 runAndWait finished..
2023/03/27 17:30:55 result 10
2023/03/27 17:30:56 runAndWait finished..
2023/03/27 17:30:56 result 10
2023/03/27 17:30:57 runAndWait finished..
2023/03/27 17:30:57 result 10
2023/03/27 17:30:58 runAndWait finished..
2023/03/27 17:30:58 result 10
